MPLINK 5.09, LINKER
Linker Map File - Created Sat Oct 31 14:29:06 2020

                                 Section Info
                  Section       Type    Address   Location Size(Bytes)
                ---------  ---------  ---------  ---------  ---------
                   .org_0       code   0x000000    program   0x00004a
                   .cinit    romdata   0x00004a    program   0x000002
.config_300001_BUILD/DEFAULT/DEBUG/LED.O    romdata   0x300001    program   0x000001
.config_300003_BUILD/DEFAULT/DEBUG/LED.O    romdata   0x300003    program   0x000001
.config_300005_BUILD/DEFAULT/DEBUG/LED.O    romdata   0x300005    program   0x000001
.config_300006_BUILD/DEFAULT/DEBUG/LED.O    romdata   0x300006    program   0x000001



                              Program Memory Usage 
                               Start         End      
                           ---------   ---------      
                            0x000000    0x00004b      
                            0x300001    0x300001      
                            0x300003    0x300003      
                            0x300005    0x300006      
            80 out of 33048 program addresses used, program memory utilization is 0%



                              Symbols - Sorted by Name
                     Name    Address   Location    Storage File                     
                ---------  ---------  ---------  --------- ---------                
              _1innerloop   0x00002c    program     static C:\Users\user\MPLABXProjects\lab666.X\led.asm
              _1outerloop   0x000028    program     static C:\Users\user\MPLABXProjects\lab666.X\led.asm
                     init   0x000004    program     static C:\Users\user\MPLABXProjects\lab666.X\led.asm
                       s1   0x000010    program     static C:\Users\user\MPLABXProjects\lab666.X\led.asm
                    start   0x000004    program     static C:\Users\user\MPLABXProjects\lab666.X\led.asm



                              Symbols - Sorted by Address
                     Name    Address   Location    Storage File                     
                ---------  ---------  ---------  --------- ---------                
                     init   0x000004    program     static C:\Users\user\MPLABXProjects\lab666.X\led.asm
                    start   0x000004    program     static C:\Users\user\MPLABXProjects\lab666.X\led.asm
                       s1   0x000010    program     static C:\Users\user\MPLABXProjects\lab666.X\led.asm
              _1outerloop   0x000028    program     static C:\Users\user\MPLABXProjects\lab666.X\led.asm
              _1innerloop   0x00002c    program     static C:\Users\user\MPLABXProjects\lab666.X\led.asm


