MPLINK 5.09, LINKER
Linker Map File - Created Thu Nov 19 10:15:45 2020

                                 Section Info
                  Section       Type    Address   Location Size(Bytes)
                ---------  ---------  ---------  ---------  ---------
                   .org_0       code   0x000000    program   0x000004
                   .cinit    romdata   0x000004    program   0x000002
                   .org_1       code   0x000008    program   0x000048
.config_300001_BUILD/DEFAULT/PRODUCTION/LAB7.O    romdata   0x300001    program   0x000001
.config_300002_BUILD/DEFAULT/PRODUCTION/LAB7.O    romdata   0x300002    program   0x000001
.config_300003_BUILD/DEFAULT/PRODUCTION/LAB7.O    romdata   0x300003    program   0x000001
.config_300005_BUILD/DEFAULT/PRODUCTION/LAB7.O    romdata   0x300005    program   0x000001
.config_300006_BUILD/DEFAULT/PRODUCTION/LAB7.O    romdata   0x300006    program   0x000001
.config_300008_BUILD/DEFAULT/PRODUCTION/LAB7.O    romdata   0x300008    program   0x000001
.config_300009_BUILD/DEFAULT/PRODUCTION/LAB7.O    romdata   0x300009    program   0x000001
.config_30000A_BUILD/DEFAULT/PRODUCTION/LAB7.O    romdata   0x30000a    program   0x000001
.config_30000B_BUILD/DEFAULT/PRODUCTION/LAB7.O    romdata   0x30000b    program   0x000001
.config_30000C_BUILD/DEFAULT/PRODUCTION/LAB7.O    romdata   0x30000c    program   0x000001
.config_30000D_BUILD/DEFAULT/PRODUCTION/LAB7.O    romdata   0x30000d    program   0x000001



                              Program Memory Usage 
                               Start         End      
                           ---------   ---------      
                            0x000000    0x000005      
                            0x000008    0x00004f      
                            0x300001    0x300003      
                            0x300005    0x300006      
                            0x300008    0x30000d      
            89 out of 33048 program addresses used, program memory utilization is 0%



                              Symbols - Sorted by Name
                     Name    Address   Location    Storage File                     
                ---------  ---------  ---------  --------- ---------                
                  INITIAL   0x00000e    program     static C:\Users\user\MPLABXProjects\lab77.X\lab7.asm
                      ISR   0x000004    program     static C:\Users\user\MPLABXProjects\lab77.X\lab7.asm
                    blink   0x00001c    program     static C:\Users\user\MPLABXProjects\lab77.X\lab7.asm
                     grow   0x00004a    program     static C:\Users\user\MPLABXProjects\lab77.X\lab7.asm
                innerloop   0x000024    program     static C:\Users\user\MPLABXProjects\lab77.X\lab7.asm
                outerloop   0x000020    program     static C:\Users\user\MPLABXProjects\lab77.X\lab7.asm



                              Symbols - Sorted by Address
                     Name    Address   Location    Storage File                     
                ---------  ---------  ---------  --------- ---------                
                      ISR   0x000004    program     static C:\Users\user\MPLABXProjects\lab77.X\lab7.asm
                  INITIAL   0x00000e    program     static C:\Users\user\MPLABXProjects\lab77.X\lab7.asm
                    blink   0x00001c    program     static C:\Users\user\MPLABXProjects\lab77.X\lab7.asm
                outerloop   0x000020    program     static C:\Users\user\MPLABXProjects\lab77.X\lab7.asm
                innerloop   0x000024    program     static C:\Users\user\MPLABXProjects\lab77.X\lab7.asm
                     grow   0x00004a    program     static C:\Users\user\MPLABXProjects\lab77.X\lab7.asm


