MPLINK 5.09, LINKER
Linker Map File - Created Thu Nov 05 20:56:37 2020

                                 Section Info
                  Section       Type    Address   Location Size(Bytes)
                ---------  ---------  ---------  ---------  ---------
                   .org_0       code   0x000000    program   0x000068
                   .cinit    romdata   0x000068    program   0x000002
.config_300001_BUILD/DEFAULT/DEBUG/Q2.O    romdata   0x300001    program   0x000001
.config_300003_BUILD/DEFAULT/DEBUG/Q2.O    romdata   0x300003    program   0x000001



                              Program Memory Usage 
                               Start         End      
                           ---------   ---------      
                            0x000000    0x000069      
                            0x300001    0x300001      
                            0x300003    0x300003      
            108 out of 33048 program addresses used, program memory utilization is 0%



                              Symbols - Sorted by Name
                     Name    Address   Location    Storage File                     
                ---------  ---------  ---------  --------- ---------                
                    start   0x000000    program     static C:\Users\user\MPLABXProjects\exam.X\Q2.asm
                    step1   0x000020    program     static C:\Users\user\MPLABXProjects\exam.X\Q2.asm
                    step2   0x000048    program     static C:\Users\user\MPLABXProjects\exam.X\Q2.asm
                    step3   0x000058    program     static C:\Users\user\MPLABXProjects\exam.X\Q2.asm



                              Symbols - Sorted by Address
                     Name    Address   Location    Storage File                     
                ---------  ---------  ---------  --------- ---------                
                    start   0x000000    program     static C:\Users\user\MPLABXProjects\exam.X\Q2.asm
                    step1   0x000020    program     static C:\Users\user\MPLABXProjects\exam.X\Q2.asm
                    step2   0x000048    program     static C:\Users\user\MPLABXProjects\exam.X\Q2.asm
                    step3   0x000058    program     static C:\Users\user\MPLABXProjects\exam.X\Q2.asm


