MPLINK 5.09, LINKER
Linker Map File - Created Thu Nov 05 15:47:50 2020

                                 Section Info
                  Section       Type    Address   Location Size(Bytes)
                ---------  ---------  ---------  ---------  ---------
                   .org_0       code   0x000000    program   0x000030
                   .cinit    romdata   0x000030    program   0x000002
.config_300001_BUILD/DEFAULT/PRODUCTION/LAB4.O    romdata   0x300001    program   0x000001
.config_300003_BUILD/DEFAULT/PRODUCTION/LAB4.O    romdata   0x300003    program   0x000001



                              Program Memory Usage 
                               Start         End      
                           ---------   ---------      
                            0x000000    0x000031      
                            0x300001    0x300001      
                            0x300003    0x300003      
            52 out of 33048 program addresses used, program memory utilization is 0%



                              Symbols - Sorted by Name
                     Name    Address   Location    Storage File                     
                ---------  ---------  ---------  --------- ---------                
                  Initial   0x000000    program     static C:\Users\user\MPLABXProjects\lab.X\lab4.asm
                    Start   0x000000    program     static C:\Users\user\MPLABXProjects\lab.X\lab4.asm
                      fib   0x000018    program     static C:\Users\user\MPLABXProjects\lab.X\lab4.asm
                   finish   0x000030    program     static C:\Users\user\MPLABXProjects\lab.X\lab4.asm



                              Symbols - Sorted by Address
                     Name    Address   Location    Storage File                     
                ---------  ---------  ---------  --------- ---------                
                  Initial   0x000000    program     static C:\Users\user\MPLABXProjects\lab.X\lab4.asm
                    Start   0x000000    program     static C:\Users\user\MPLABXProjects\lab.X\lab4.asm
                      fib   0x000018    program     static C:\Users\user\MPLABXProjects\lab.X\lab4.asm
                   finish   0x000030    program     static C:\Users\user\MPLABXProjects\lab.X\lab4.asm


